../Core/Src/main.c:67:6:HAL_ADC_ConvCpltCallback	16	static
../Core/Src/main.c:76:5:main	8	static
../Core/Src/main.c:121:6:SystemClock_Config	88	static
../Core/Src/main.c:168:13:MX_ADC1_Init	24	static
../Core/Src/main.c:220:13:MX_USART2_UART_Init	8	static
../Core/Src/main.c:253:13:MX_GPIO_Init	48	static
../Core/Src/main.c:286:6:fill_mic_buffer	16	static
../Core/Src/main.c:293:6:log	16	static
../Core/Src/main.c:301:5:__io_putchar	16	static
../Core/Src/main.c:311:6:Error_Handler	4	static,ignoring_inline_asm
