../Core/Src/main.c:78:6:HAL_ADC_ConvCpltCallback	16	static
../Core/Src/main.c:87:5:main	16	static
../Core/Src/main.c:141:6:SystemClock_Config	88	static
../Core/Src/main.c:188:13:MX_ADC1_Init	24	static
../Core/Src/main.c:240:13:MX_USART2_UART_Init	8	static
../Core/Src/main.c:273:13:MX_GPIO_Init	48	static
../Core/Src/main.c:306:6:fill_mic_buffer	16	static
../Core/Src/main.c:314:5:__io_putchar	16	static
../Core/Src/main.c:319:6:Inference	16	static
../Core/Src/main.c:348:6:Error_Handler	4	static,ignoring_inline_asm
