../Core/Src/main.c:80:6:HAL_ADC_ConvCpltCallback	16	static
../Core/Src/main.c:89:5:main	16	static
../Core/Src/main.c:144:6:SystemClock_Config	88	static
../Core/Src/main.c:191:13:MX_ADC1_Init	24	static
../Core/Src/main.c:243:13:MX_TIM2_Init	32	static
../Core/Src/main.c:288:13:MX_USART2_UART_Init	8	static
../Core/Src/main.c:321:13:MX_GPIO_Init	48	static
../Core/Src/main.c:354:6:fill_mic_buffer	16	static
../Core/Src/main.c:362:5:__io_putchar	16	static
../Core/Src/main.c:367:6:Inference	16	static
../Core/Src/main.c:396:6:Error_Handler	4	static,ignoring_inline_asm
