../Core/Src/main.c:80:6:HAL_ADC_ConvCpltCallback	16	static
../Core/Src/main.c:89:5:main	16	static
../Core/Src/main.c:143:6:SystemClock_Config	88	static
../Core/Src/main.c:190:13:MX_ADC1_Init	24	static
../Core/Src/main.c:242:13:MX_USART2_UART_Init	8	static
../Core/Src/main.c:275:13:MX_GPIO_Init	48	static
../Core/Src/main.c:308:6:fill_mic_buffer	16	static
../Core/Src/main.c:316:5:__io_putchar	16	static
../Core/Src/main.c:321:6:Inference	16	static
../Core/Src/main.c:350:6:Error_Handler	4	static,ignoring_inline_asm
